Sun Jul  3 15:02:55 2022
Windows-10-10.0.18362
Ren'Py 8.0.0.22062402
 

Bootstrap to the start of init.init took 0.03s
Early init took 0.00s
Loader init took 0.01s
Loading error handling took 0.02s
Loading script took 0.09s
Loading save slot metadata. took 0.00s
Loading persistent took 0.00s
Faled to initialize steam: FileNotFoundError("Could not find module 'D:\\PROGRAMAS\\renpy\\renpy-8.0.0-sdk\\lib\\py3-windows-x86_64\\steam_api64.dll' (or one of its dependencies). Try using the full path with constructor syntax.")
Running init code took 0.03s
Loading analysis data took 0.01s
Analyze and compile ATL took 0.00s
Index archives took 0.00s
Backing up script files to 'C:\\Users\\Usuario\\AppData\\Roaming/RenPy/backups\\VlastVN':
Dump and make backups. took 0.03s
Cleaning cache took 0.00s
Making clean stores took 0.00s
Initial gc. took 0.01s
DPI scale factor: 1.000000
nvdrs: Loaded, about to disable thread optimizations.
nvdrs: Disabled thread optimizations.
Creating interface object took 0.24s
Cleaning stores took 0.00s
Init translation took 0.02s
Build styles took 0.00s
Load screen analysis took 0.00s
Analyze screens took 0.01s
Save screen analysis took 0.01s
Prepare screens took 0.04s
Save pyanalysis. took 0.00s
Save bytecode. took 0.02s
Running _start took 0.00s
Performance test:
Interface start took 0.10s

Initializing gl2 renderer:
primary display bounds: (0, 0, 1920, 1080)
swap interval: 1 frames
Windowed mode.
Vendor: "b'NVIDIA Corporation'"
Renderer: b'NVIDIA GeForce GTX 1050 Ti/PCIe/SSE2'
Version: b'4.6.0 NVIDIA 512.96'
Display Info: None
Screen sizes: virtual=(1920, 1080) physical=(1739, 978) drawable=(1739, 978)
Maximum texture size: 4096x4096

Full traceback:
  File "game/script.rpy", line 27, in script
    e "You've created a new Ren'Py game."
  File "D:\PROGRAMAS\renpy\renpy-8.0.0-sdk\renpy\ast.py", line 869, in execute
    statement_name(stmt_name)
  File "D:\PROGRAMAS\renpy\renpy-8.0.0-sdk\renpy\ast.py", line 47, in statement_name
    i(name)
  File "renpy/common/000window.rpy", line 114, in _window_auto_callback
    _window_show(auto=True)
  File "renpy/common/000window.rpy", line 69, in _window_show
    renpy.with_statement(trans)
  File "D:\PROGRAMAS\renpy\renpy-8.0.0-sdk\renpy\exports.py", line 1653, in with_statement
    return renpy.game.interface.do_with(trans, paired, clear=clear)
  File "D:\PROGRAMAS\renpy\renpy-8.0.0-sdk\renpy\display\core.py", line 2797, in do_with
    return self.interact(trans_pause=True,
  File "D:\PROGRAMAS\renpy\renpy-8.0.0-sdk\renpy\display\core.py", line 3376, in interact
    repeat, rv = self.interact_core(preloads=preloads, trans_pause=trans_pause, pause=pause, pause_start=pause_start, **kwargs) # type: ignore
  File "D:\PROGRAMAS\renpy\renpy-8.0.0-sdk\renpy\display\core.py", line 3905, in interact_core
    self.draw_screen(root_widget, fullscreen_video, (not fullscreen_video) or video_frame_drawn)
  File "D:\PROGRAMAS\renpy\renpy-8.0.0-sdk\renpy\display\core.py", line 2601, in draw_screen
    surftree = renpy.display.render.render_screen(
  File "render.pyx", line 495, in renpy.display.render.render_screen
  File "render.pyx", line 266, in renpy.display.render.render
  File "D:\PROGRAMAS\renpy\renpy-8.0.0-sdk\renpy\display\layout.py", line 884, in render
    surf = render(child, width, height, cst, cat)
  File "render.pyx", line 170, in renpy.display.render.render
  File "render.pyx", line 266, in renpy.display.render.render
  File "D:\PROGRAMAS\renpy\renpy-8.0.0-sdk\renpy\display\transition.py", line 378, in render
    top = render(self.new_widget, width, height, st, at)
  File "render.pyx", line 170, in renpy.display.render.render
  File "render.pyx", line 266, in renpy.display.render.render
  File "D:\PROGRAMAS\renpy\renpy-8.0.0-sdk\renpy\display\layout.py", line 884, in render
    surf = render(child, width, height, cst, cat)
  File "render.pyx", line 170, in renpy.display.render.render
  File "render.pyx", line 266, in renpy.display.render.render
  File "D:\PROGRAMAS\renpy\renpy-8.0.0-sdk\renpy\display\layout.py", line 884, in render
    surf = render(child, width, height, cst, cat)
  File "render.pyx", line 170, in renpy.display.render.render
  File "render.pyx", line 266, in renpy.display.render.render
  File "D:\PROGRAMAS\renpy\renpy-8.0.0-sdk\renpy\display\screen.py", line 704, in render
    child = renpy.display.render.render(self.child, w, h, st, at)
  File "render.pyx", line 170, in renpy.display.render.render
  File "render.pyx", line 266, in renpy.display.render.render
  File "D:\PROGRAMAS\renpy\renpy-8.0.0-sdk\renpy\display\layout.py", line 884, in render
    surf = render(child, width, height, cst, cat)
  File "render.pyx", line 170, in renpy.display.render.render
  File "render.pyx", line 266, in renpy.display.render.render
  File "D:\PROGRAMAS\renpy\renpy-8.0.0-sdk\renpy\display\layout.py", line 1334, in render
    surf = render(child,
  File "render.pyx", line 170, in renpy.display.render.render
  File "render.pyx", line 266, in renpy.display.render.render
  File "D:\PROGRAMAS\renpy\renpy-8.0.0-sdk\renpy\text\text.py", line 2099, in render
    virtual_layout = Layout(self, width, height, renders, drawable_res=False, size_only=True)
  File "D:\PROGRAMAS\renpy\renpy-8.0.0-sdk\renpy\text\text.py", line 646, in __init__
    glyphs = ts.glyphs(s, self)
  File "D:\PROGRAMAS\renpy\renpy-8.0.0-sdk\renpy\text\text.py", line 255, in glyphs
    fo = font.get_font(self.font, self.size, self.bold, self.italic, 0, self.antialias, self.vertical, self.hinting, layout.oversample)
  File "D:\PROGRAMAS\renpy\renpy-8.0.0-sdk\renpy\text\font.py", line 717, in get_font
    face = load_face(fn)
  File "D:\PROGRAMAS\renpy\renpy-8.0.0-sdk\renpy\text\font.py", line 658, in load_face
    raise Exception("Could not find font {0!r}.".format(orig_fn))
Exception: Could not find font 'Monospace.tff'.

While running game code:
  File "game/script.rpy", line 27, in script
    e "You've created a new Ren'Py game."
  File "renpy/common/000window.rpy", line 114, in _window_auto_callback
    _window_show(auto=True)
  File "renpy/common/000window.rpy", line 69, in _window_show
    renpy.with_statement(trans)
Exception: Could not find font 'Monospace.tff'.
While handling exception:
Traceback (most recent call last):
  File "D:\PROGRAMAS\renpy\renpy-8.0.0-sdk\renpy\execution.py", line 581, in run
    node.execute()
  File "D:\PROGRAMAS\renpy\renpy-8.0.0-sdk\renpy\ast.py", line 869, in execute
    statement_name(stmt_name)
  File "D:\PROGRAMAS\renpy\renpy-8.0.0-sdk\renpy\ast.py", line 47, in statement_name
    i(name)
  File "renpy/common/000window.rpy", line 114, in _window_auto_callback
    _window_show(auto=True)
  File "renpy/common/000window.rpy", line 69, in _window_show
    renpy.with_statement(trans)
  File "D:\PROGRAMAS\renpy\renpy-8.0.0-sdk\renpy\exports.py", line 1653, in with_statement
    return renpy.game.interface.do_with(trans, paired, clear=clear)
  File "D:\PROGRAMAS\renpy\renpy-8.0.0-sdk\renpy\display\core.py", line 2797, in do_with
    return self.interact(trans_pause=True,
  File "D:\PROGRAMAS\renpy\renpy-8.0.0-sdk\renpy\display\core.py", line 3376, in interact
    repeat, rv = self.interact_core(preloads=preloads, trans_pause=trans_pause, pause=pause, pause_start=pause_start, **kwargs) # type: ignore
  File "D:\PROGRAMAS\renpy\renpy-8.0.0-sdk\renpy\display\core.py", line 3905, in interact_core
    self.draw_screen(root_widget, fullscreen_video, (not fullscreen_video) or video_frame_drawn)
  File "D:\PROGRAMAS\renpy\renpy-8.0.0-sdk\renpy\display\core.py", line 2601, in draw_screen
    surftree = renpy.display.render.render_screen(
  File "render.pyx", line 495, in renpy.display.render.render_screen
  File "render.pyx", line 266, in renpy.display.render.render
  File "D:\PROGRAMAS\renpy\renpy-8.0.0-sdk\renpy\display\layout.py", line 884, in render
    surf = render(child, width, height, cst, cat)
  File "render.pyx", line 170, in renpy.display.render.render
  File "render.pyx", line 266, in renpy.display.render.render
  File "D:\PROGRAMAS\renpy\renpy-8.0.0-sdk\renpy\display\transition.py", line 378, in render
    top = render(self.new_widget, width, height, st, at)
  File "render.pyx", line 170, in renpy.display.render.render
  File "render.pyx", line 266, in renpy.display.render.render
  File "D:\PROGRAMAS\renpy\renpy-8.0.0-sdk\renpy\display\layout.py", line 884, in render
    surf = render(child, width, height, cst, cat)
  File "render.pyx", line 170, in renpy.display.render.render
  File "render.pyx", line 266, in renpy.display.render.render
  File "D:\PROGRAMAS\renpy\renpy-8.0.0-sdk\renpy\display\layout.py", line 884, in render
    surf = render(child, width, height, cst, cat)
  File "render.pyx", line 170, in renpy.display.render.render
  File "render.pyx", line 266, in renpy.display.render.render
  File "D:\PROGRAMAS\renpy\renpy-8.0.0-sdk\renpy\display\screen.py", line 704, in render
    child = renpy.display.render.render(self.child, w, h, st, at)
  File "render.pyx", line 170, in renpy.display.render.render
  File "render.pyx", line 266, in renpy.display.render.render
  File "D:\PROGRAMAS\renpy\renpy-8.0.0-sdk\renpy\display\layout.py", line 884, in render
    surf = render(child, width, height, cst, cat)
  File "render.pyx", line 170, in renpy.display.render.render
  File "render.pyx", line 266, in renpy.display.render.render
  File "D:\PROGRAMAS\renpy\renpy-8.0.0-sdk\renpy\display\layout.py", line 1334, in render
    surf = render(child,
  File "render.pyx", line 170, in renpy.display.render.render
  File "render.pyx", line 266, in renpy.display.render.render
  File "D:\PROGRAMAS\renpy\renpy-8.0.0-sdk\renpy\text\text.py", line 2099, in render
    virtual_layout = Layout(self, width, height, renders, drawable_res=False, size_only=True)
  File "D:\PROGRAMAS\renpy\renpy-8.0.0-sdk\renpy\text\text.py", line 646, in __init__
    glyphs = ts.glyphs(s, self)
  File "D:\PROGRAMAS\renpy\renpy-8.0.0-sdk\renpy\text\text.py", line 255, in glyphs
    fo = font.get_font(self.font, self.size, self.bold, self.italic, 0, self.antialias, self.vertical, self.hinting, layout.oversample)
  File "D:\PROGRAMAS\renpy\renpy-8.0.0-sdk\renpy\text\font.py", line 717, in get_font
    face = load_face(fn)
  File "D:\PROGRAMAS\renpy\renpy-8.0.0-sdk\renpy\text\font.py", line 658, in load_face
    raise Exception("Could not find font {0!r}.".format(orig_fn))
Exception: Could not find font 'Monospace.tff'.

During handling of the above exception, another exception occurred:

Traceback (most recent call last):
  File "D:\PROGRAMAS\renpy\renpy-8.0.0-sdk\renpy\display\error.py", line 140, in report_exception
    renpy.game.invoke_in_new_context(
  File "D:\PROGRAMAS\renpy\renpy-8.0.0-sdk\renpy\game.py", line 286, in invoke_in_new_context
    return callable(*args, **kwargs)
  File "D:\PROGRAMAS\renpy\renpy-8.0.0-sdk\renpy\display\error.py", line 48, in call_exception_screen
    return renpy.ui.interact(mouse="screen", type="screen", suppress_overlay=True, suppress_underlay=True)
  File "D:\PROGRAMAS\renpy\renpy-8.0.0-sdk\renpy\ui.py", line 299, in interact
    rv = renpy.game.interface.interact(roll_forward=roll_forward, **kwargs)
  File "D:\PROGRAMAS\renpy\renpy-8.0.0-sdk\renpy\display\core.py", line 3376, in interact
    repeat, rv = self.interact_core(preloads=preloads, trans_pause=trans_pause, pause=pause, pause_start=pause_start, **kwargs) # type: ignore
  File "D:\PROGRAMAS\renpy\renpy-8.0.0-sdk\renpy\display\core.py", line 3905, in interact_core
    self.draw_screen(root_widget, fullscreen_video, (not fullscreen_video) or video_frame_drawn)
  File "D:\PROGRAMAS\renpy\renpy-8.0.0-sdk\renpy\display\core.py", line 2601, in draw_screen
    surftree = renpy.display.render.render_screen(
  File "render.pyx", line 495, in renpy.display.render.render_screen
  File "render.pyx", line 266, in renpy.display.render.render
  File "D:\PROGRAMAS\renpy\renpy-8.0.0-sdk\renpy\display\layout.py", line 884, in render
    surf = render(child, width, height, cst, cat)
  File "render.pyx", line 170, in renpy.display.render.render
  File "render.pyx", line 266, in renpy.display.render.render
  File "D:\PROGRAMAS\renpy\renpy-8.0.0-sdk\renpy\display\layout.py", line 884, in render
    surf = render(child, width, height, cst, cat)
  File "render.pyx", line 170, in renpy.display.render.render
  File "render.pyx", line 266, in renpy.display.render.render
  File "D:\PROGRAMAS\renpy\renpy-8.0.0-sdk\renpy\display\layout.py", line 884, in render
    surf = render(child, width, height, cst, cat)
  File "render.pyx", line 170, in renpy.display.render.render
  File "render.pyx", line 266, in renpy.display.render.render
  File "D:\PROGRAMAS\renpy\renpy-8.0.0-sdk\renpy\display\screen.py", line 704, in render
    child = renpy.display.render.render(self.child, w, h, st, at)
  File "render.pyx", line 170, in renpy.display.render.render
  File "render.pyx", line 266, in renpy.display.render.render
  File "D:\PROGRAMAS\renpy\renpy-8.0.0-sdk\renpy\display\layout.py", line 884, in render
    surf = render(child, width, height, cst, cat)
  File "render.pyx", line 170, in renpy.display.render.render
  File "render.pyx", line 266, in renpy.display.render.render
  File "D:\PROGRAMAS\renpy\renpy-8.0.0-sdk\renpy\display\layout.py", line 1334, in render
    surf = render(child,
  File "render.pyx", line 170, in renpy.display.render.render
  File "render.pyx", line 266, in renpy.display.render.render
  File "D:\PROGRAMAS\renpy\renpy-8.0.0-sdk\renpy\text\text.py", line 2099, in render
    virtual_layout = Layout(self, width, height, renders, drawable_res=False, size_only=True)
  File "D:\PROGRAMAS\renpy\renpy-8.0.0-sdk\renpy\text\text.py", line 646, in __init__
    glyphs = ts.glyphs(s, self)
  File "D:\PROGRAMAS\renpy\renpy-8.0.0-sdk\renpy\text\text.py", line 255, in glyphs
    fo = font.get_font(self.font, self.size, self.bold, self.italic, 0, self.antialias, self.vertical, self.hinting, layout.oversample)
  File "D:\PROGRAMAS\renpy\renpy-8.0.0-sdk\renpy\text\font.py", line 717, in get_font
    face = load_face(fn)
  File "D:\PROGRAMAS\renpy\renpy-8.0.0-sdk\renpy\text\font.py", line 658, in load_face
    raise Exception("Could not find font {0!r}.".format(orig_fn))
Exception: Could not find font 'Monospace.tff'.

Full traceback:
  File "D:\PROGRAMAS\renpy\renpy-8.0.0-sdk\renpy\bootstrap.py", line 274, in bootstrap
    renpy.main.main()
  File "D:\PROGRAMAS\renpy\renpy-8.0.0-sdk\renpy\main.py", line 660, in main
    run(restart)
  File "D:\PROGRAMAS\renpy\renpy-8.0.0-sdk\renpy\main.py", line 146, in run
    renpy.execution.run_context(True)
  File "D:\PROGRAMAS\renpy\renpy-8.0.0-sdk\renpy\execution.py", line 938, in run_context
    context.run()
  File "game/script.rpy", line 27, in script
    e "You've created a new Ren'Py game."
  File "/home/tom/ab/renpy-build/tmp/install.linux-x86_64/lib/python3.9/site-packages/future/utils/__init__.py", line 441, in raise_
  File "game/script.rpy", line 27, in script
    e "You've created a new Ren'Py game."
  File "D:\PROGRAMAS\renpy\renpy-8.0.0-sdk\renpy\ast.py", line 869, in execute
    statement_name(stmt_name)
  File "D:\PROGRAMAS\renpy\renpy-8.0.0-sdk\renpy\ast.py", line 47, in statement_name
    i(name)
  File "renpy/common/000window.rpy", line 114, in _window_auto_callback
    _window_show(auto=True)
  File "renpy/common/000window.rpy", line 69, in _window_show
    renpy.with_statement(trans)
  File "D:\PROGRAMAS\renpy\renpy-8.0.0-sdk\renpy\exports.py", line 1653, in with_statement
    return renpy.game.interface.do_with(trans, paired, clear=clear)
  File "D:\PROGRAMAS\renpy\renpy-8.0.0-sdk\renpy\display\core.py", line 2797, in do_with
    return self.interact(trans_pause=True,
  File "D:\PROGRAMAS\renpy\renpy-8.0.0-sdk\renpy\display\core.py", line 3376, in interact
    repeat, rv = self.interact_core(preloads=preloads, trans_pause=trans_pause, pause=pause, pause_start=pause_start, **kwargs) # type: ignore
  File "D:\PROGRAMAS\renpy\renpy-8.0.0-sdk\renpy\display\core.py", line 3905, in interact_core
    self.draw_screen(root_widget, fullscreen_video, (not fullscreen_video) or video_frame_drawn)
  File "D:\PROGRAMAS\renpy\renpy-8.0.0-sdk\renpy\display\core.py", line 2601, in draw_screen
    surftree = renpy.display.render.render_screen(
  File "render.pyx", line 495, in renpy.display.render.render_screen
  File "render.pyx", line 266, in renpy.display.render.render
  File "D:\PROGRAMAS\renpy\renpy-8.0.0-sdk\renpy\display\layout.py", line 884, in render
    surf = render(child, width, height, cst, cat)
  File "render.pyx", line 170, in renpy.display.render.render
  File "render.pyx", line 266, in renpy.display.render.render
  File "D:\PROGRAMAS\renpy\renpy-8.0.0-sdk\renpy\display\transition.py", line 378, in render
    top = render(self.new_widget, width, height, st, at)
  File "render.pyx", line 170, in renpy.display.render.render
  File "render.pyx", line 266, in renpy.display.render.render
  File "D:\PROGRAMAS\renpy\renpy-8.0.0-sdk\renpy\display\layout.py", line 884, in render
    surf = render(child, width, height, cst, cat)
  File "render.pyx", line 170, in renpy.display.render.render
  File "render.pyx", line 266, in renpy.display.render.render
  File "D:\PROGRAMAS\renpy\renpy-8.0.0-sdk\renpy\display\layout.py", line 884, in render
    surf = render(child, width, height, cst, cat)
  File "render.pyx", line 170, in renpy.display.render.render
  File "render.pyx", line 266, in renpy.display.render.render
  File "D:\PROGRAMAS\renpy\renpy-8.0.0-sdk\renpy\display\screen.py", line 704, in render
    child = renpy.display.render.render(self.child, w, h, st, at)
  File "render.pyx", line 170, in renpy.display.render.render
  File "render.pyx", line 266, in renpy.display.render.render
  File "D:\PROGRAMAS\renpy\renpy-8.0.0-sdk\renpy\display\layout.py", line 884, in render
    surf = render(child, width, height, cst, cat)
  File "render.pyx", line 170, in renpy.display.render.render
  File "render.pyx", line 266, in renpy.display.render.render
  File "D:\PROGRAMAS\renpy\renpy-8.0.0-sdk\renpy\display\layout.py", line 1334, in render
    surf = render(child,
  File "render.pyx", line 170, in renpy.display.render.render
  File "render.pyx", line 266, in renpy.display.render.render
  File "D:\PROGRAMAS\renpy\renpy-8.0.0-sdk\renpy\text\text.py", line 2099, in render
    virtual_layout = Layout(self, width, height, renders, drawable_res=False, size_only=True)
  File "D:\PROGRAMAS\renpy\renpy-8.0.0-sdk\renpy\text\text.py", line 646, in __init__
    glyphs = ts.glyphs(s, self)
  File "D:\PROGRAMAS\renpy\renpy-8.0.0-sdk\renpy\text\text.py", line 255, in glyphs
    fo = font.get_font(self.font, self.size, self.bold, self.italic, 0, self.antialias, self.vertical, self.hinting, layout.oversample)
  File "D:\PROGRAMAS\renpy\renpy-8.0.0-sdk\renpy\text\font.py", line 717, in get_font
    face = load_face(fn)
  File "D:\PROGRAMAS\renpy\renpy-8.0.0-sdk\renpy\text\font.py", line 658, in load_face
    raise Exception("Could not find font {0!r}.".format(orig_fn))
Exception: Could not find font 'Monospace.tff'.

While running game code:
  File "game/script.rpy", line 27, in script
    e "You've created a new Ren'Py game."
  File "game/script.rpy", line 27, in script
    e "You've created a new Ren'Py game."
  File "renpy/common/000window.rpy", line 114, in _window_auto_callback
    _window_show(auto=True)
  File "renpy/common/000window.rpy", line 69, in _window_show
    renpy.with_statement(trans)
Exception: Could not find font 'Monospace.tff'.
